error: extraneous characters after `%`-suffixed number
 --> <input>:1:6
  |
1 | 1234%1234 1234/xyz
  |      ^^^^
  |     -- help: maybe you meant to include a space here
  |

error: extraneous characters after `/`-suffixed number
 --> <input>:1:16
  |
1 | 1234%1234 1234/xyz
  |                ^^^
  |               -- help: maybe you meant to include a space here
  |

error: aborting due to 2 errors
