error: expected at least 1 character in identifier, but found none
 --> <input>:1:14
  |
1 | R'c(foo)c' R'(foo)' Q'foo(bar)foo' Q'oo(bar)oo'
  |              ^ expected at least 1 here
  |
  = help: this appears to be an empty identifier

error: expected at least 3 characters in identifier, but found only 2
 --> <input>:1:38
  |
1 | R'c(foo)c' R'(foo)' Q'foo(bar)foo' Q'oo(bar)oo'
  |                                      ^^ expected at least 3 here
  |

error: aborting due to 2 errors
