error: expected closing `]`, but found <eof>
 --> <input>:1:11
  |
1 | [[[]]] [[] 
  |           ^ expected `]` here
  |        - help: previously opened here
  |

error: aborting due to previous error
