error: expected closing `'`, but found <eof>
 --> <input>:4:5
  |
4 | 'bar
  |     ^ expected `'` here
  | - help: previously opened here
  |

error: aborting due to previous error
