error: expected closing `]`, but found <eof>
 --> <input>:4:3
  |
4 | ][
  |   ^ expected `]` here
  |  - help: previously opened here
  |

error: aborting due to previous error
