error: expected closing `'`, but found <eof>
 --> <input>:1:14
  |
1 | 'foo' '' 'bar 
  |              ^ expected `'` here
  |          - help: previously opened here
  |

error: aborting due to previous error
