error: expected closing `*/`, but found <eof>
 --> <input>:5:15
  |
4 | /*
  | -- help: previously opened here
5 |   /* not ok */
  |               ^ expected `*/` here
  |

error: aborting due to previous error
