error: unexpected `8` in `0o`-prefixed number
 --> <input>:3:3
  |
3 | 0o8
  |   ^
  | --- help: because this value is octal (base 8), digits should be within '0'..='7'
  |

error: unexpected `8` in `0o`-prefixed number
 --> <input>:4:4
  |
4 | 0o08
  |    ^
  | ---- help: because this value is octal (base 8), digits should be within '0'..='7'
  |

error: unexpected `a` in number
 --> <input>:5:5
  |
5 | 0/0/aa11g
  |     ^
  | -------- help: because this value is decimal (base 10), digits should be within '0'..='9'
  |

error: unexpected `a` in number
 --> <input>:5:6
  |
5 | 0/0/aa11g
  |      ^
  | -------- help: because this value is decimal (base 10), digits should be within '0'..='9'
  |

error: extraneous character after number
 --> <input>:5:9
  |
5 | 0/0/aa11g
  |         ^
  |        -- help: maybe you meant to include a space here
  |

error: aborting due to 5 errors
