error: unexpected `q` in `%`-prefixed number
 --> <input>:1:10
  |
1 | %123 %123qua
  |          ^
  |      ------- help: because this value is decimal (base 10), digits should be within '0'..='9'
  |

error: unexpected `u` in `%`-prefixed number
 --> <input>:1:11
  |
1 | %123 %123qua
  |           ^
  |      ------- help: because this value is decimal (base 10), digits should be within '0'..='9'
  |

error: unexpected `a` in `%`-prefixed number
 --> <input>:1:12
  |
1 | %123 %123qua
  |            ^
  |      ------- help: because this value is decimal (base 10), digits should be within '0'..='9'
  |

error: aborting due to 3 errors
