error: unexpected extra characters in `$null[ ... ]null`
 --> <input>:1:28
  |
1 | $[] $null[]null $null[]nullable
  |                            ^^^^ you may have meant to add a space here
  |

error: aborting due to previous error
