error: unexpected extra characters in ``-, `%q`-suffixed identifier
 --> <input>:1:19
  |
1 | foo%q null%q foo%qua
  |                   ^^ you may have meant to add a space here
  |

error: aborting due to previous error
