error: input file `tests/ui/not_utf8` was not valid UTF-8

error: aborting due to previous error
