error: unrecognized characters
 --> <input>:1:1
  |
1 | multiple, null, [unrecognized], chunks!~  
  | ^^^^^^^^^
  |

error: unrecognized character
 --> <input>:1:15
  |
1 | multiple, null, [unrecognized], chunks!~  
  |               ^
  |

error: unrecognized characters
 --> <input>:1:18
  |
1 | multiple, null, [unrecognized], chunks!~  
  |                  ^^^^^^^^^^^^
  |

error: unrecognized character
 --> <input>:1:31
  |
1 | multiple, null, [unrecognized], chunks!~  
  |                               ^
  |

error: unrecognized characters
 --> <input>:1:33
  |
1 | multiple, null, [unrecognized], chunks!~  
  |                                 ^^^^^^^^
  |

error: aborting due to 5 errors
